Num of Passes: 1
CUDA Device Number: 0
Compute Capability of Device: 11.0
PM Sampling active for 15 seconds with a 100000-sample counter data image...

--- PM Sampling continuity ---
Valid samples: 1154808
Median PM interval: 6336 ns
Gaps larger than 31680 ns: 43
Total reported gap: 2896398489 ns
Largest reported gap: 382780096 ns
Total num of Samples: 1158228
Printing first 50 samples:
Sample Index: 0
Timestamps -> Start: [1788403793853942262] 	End: [1790062153612635059]
-----------------------------------------------------------------------------------
sm__inst_executed_realtime.avg.pct_of_peak_sustained_elapsed                         0.000
tpc__warps_inactive_sm_idle_realtime.avg.pct_of_peak_sustained_elapsed                       100.000
sm__cycles_active.avg                                                      0.000
sm__inst_executed_realtime.avg.per_cycle_active                            0.000
gpu__time_duration.sum                                      1608380638217056.000
gr__cycles_elapsed.max                                               9800752.000
sm__pipe_tensor_cycles_active_realtime.avg.pct_of_peak_sustained_elapsed                         0.000
gr__cycles_active.avg                                                      0.000
-----------------------------------------------------------------------------------

Sample Index: 1
Timestamps -> Start: [1790062153612635059] 	End: [1790062153612666835]
-----------------------------------------------------------------------------------
sm__inst_executed_realtime.avg.pct_of_peak_sustained_elapsed                         0.000
tpc__warps_inactive_sm_idle_realtime.avg.pct_of_peak_sustained_elapsed                       100.000
sm__cycles_active.avg                                                      0.000
sm__inst_executed_realtime.avg.per_cycle_active                            0.000
gpu__time_duration.sum                                                 31776.000
gr__cycles_elapsed.max                                                 10001.000
sm__pipe_tensor_cycles_active_realtime.avg.pct_of_peak_sustained_elapsed                         0.000
gr__cycles_active.avg                                                      0.000
-----------------------------------------------------------------------------------

Sample Index: 2
Timestamps -> Start: [1790062153612666835] 	End: [1790062153612698579]
-----------------------------------------------------------------------------------
sm__inst_executed_realtime.avg.pct_of_peak_sustained_elapsed                         0.000
tpc__warps_inactive_sm_idle_realtime.avg.pct_of_peak_sustained_elapsed                       100.000
sm__cycles_active.avg                                                      0.000
sm__inst_executed_realtime.avg.per_cycle_active                            0.000
gpu__time_duration.sum                                                 31744.000
gr__cycles_elapsed.max                                                 10001.000
sm__pipe_tensor_cycles_active_realtime.avg.pct_of_peak_sustained_elapsed                         0.000
gr__cycles_active.avg                                                      0.000
-----------------------------------------------------------------------------------

Sample Index: 3
Timestamps -> Start: [1790062153612698579] 	End: [1790062153612730323]
-----------------------------------------------------------------------------------
sm__inst_executed_realtime.avg.pct_of_peak_sustained_elapsed                         0.000
tpc__warps_inactive_sm_idle_realtime.avg.pct_of_peak_sustained_elapsed                       100.000
sm__cycles_active.avg                                                      0.000
sm__inst_executed_realtime.avg.per_cycle_active                            0.000
gpu__time_duration.sum                                                 31744.000
gr__cycles_elapsed.max                                                 10001.000
sm__pipe_tensor_cycles_active_realtime.avg.pct_of_peak_sustained_elapsed                         0.000
gr__cycles_active.avg                                                      0.000
-----------------------------------------------------------------------------------

Sample Index: 4
Timestamps -> Start: [1790062153612730323] 	End: [1790062153612762067]
-----------------------------------------------------------------------------------
sm__inst_executed_realtime.avg.pct_of_peak_sustained_elapsed                         0.000
tpc__warps_inactive_sm_idle_realtime.avg.pct_of_peak_sustained_elapsed                       100.000
sm__cycles_active.avg                                                      0.000
sm__inst_executed_realtime.avg.per_cycle_active                            0.000
gpu__time_duration.sum                                                 31744.000
gr__cycles_elapsed.max                                                 10001.000
sm__pipe_tensor_cycles_active_realtime.avg.pct_of_peak_sustained_elapsed                         0.000
gr__cycles_active.avg                                                      0.000
-----------------------------------------------------------------------------------

Sample Index: 5
Timestamps -> Start: [1790062153612762067] 	End: [1790062153612793842]
-----------------------------------------------------------------------------------
sm__inst_executed_realtime.avg.pct_of_peak_sustained_elapsed                         0.000
tpc__warps_inactive_sm_idle_realtime.avg.pct_of_peak_sustained_elapsed                       100.000
sm__cycles_active.avg                                                      0.000
sm__inst_executed_realtime.avg.per_cycle_active                            0.000
gpu__time_duration.sum                                                 31776.000
gr__cycles_elapsed.max                                                 10001.000
sm__pipe_tensor_cycles_active_realtime.avg.pct_of_peak_sustained_elapsed                         0.000
gr__cycles_active.avg                                                      0.000
-----------------------------------------------------------------------------------

Sample Index: 6
Timestamps -> Start: [1790062153612793842] 	End: [1790062153612825586]
-----------------------------------------------------------------------------------
sm__inst_executed_realtime.avg.pct_of_peak_sustained_elapsed                         0.000
tpc__warps_inactive_sm_idle_realtime.avg.pct_of_peak_sustained_elapsed                       100.000
sm__cycles_active.avg                                                      0.000
sm__inst_executed_realtime.avg.per_cycle_active                            0.000
gpu__time_duration.sum                                                 31744.000
gr__cycles_elapsed.max                                                 10001.000
sm__pipe_tensor_cycles_active_realtime.avg.pct_of_peak_sustained_elapsed                         0.000
gr__cycles_active.avg                                                      0.000
-----------------------------------------------------------------------------------

Sample Index: 7
Timestamps -> Start: [1790062153612825586] 	End: [1790062153612857330]
-----------------------------------------------------------------------------------
sm__inst_executed_realtime.avg.pct_of_peak_sustained_elapsed                         0.000
tpc__warps_inactive_sm_idle_realtime.avg.pct_of_peak_sustained_elapsed                       100.000
sm__cycles_active.avg                                                      0.000
sm__inst_executed_realtime.avg.per_cycle_active                            0.000
gpu__time_duration.sum                                                 31744.000
gr__cycles_elapsed.max                                                 10001.000
sm__pipe_tensor_cycles_active_realtime.avg.pct_of_peak_sustained_elapsed                         0.000
gr__cycles_active.avg                                                      0.000
-----------------------------------------------------------------------------------

Sample Index: 8
Timestamps -> Start: [1790062153612857330] 	End: [1790062153612889074]
-----------------------------------------------------------------------------------
sm__inst_executed_realtime.avg.pct_of_peak_sustained_elapsed                         0.000
tpc__warps_inactive_sm_idle_realtime.avg.pct_of_peak_sustained_elapsed                       100.000
sm__cycles_active.avg                                                      0.000
sm__inst_executed_realtime.avg.per_cycle_active                            0.000
gpu__time_duration.sum                                                 31744.000
gr__cycles_elapsed.max                                                 10001.000
sm__pipe_tensor_cycles_active_realtime.avg.pct_of_peak_sustained_elapsed                         0.000
gr__cycles_active.avg                                                      0.000
-----------------------------------------------------------------------------------

Sample Index: 9
Timestamps -> Start: [1790062153612889074] 	End: [1790062153612920818]
-----------------------------------------------------------------------------------
sm__inst_executed_realtime.avg.pct_of_peak_sustained_elapsed                         0.000
tpc__warps_inactive_sm_idle_realtime.avg.pct_of_peak_sustained_elapsed                       100.000
sm__cycles_active.avg                                                      0.000
sm__inst_executed_realtime.avg.per_cycle_active                            0.000
gpu__time_duration.sum                                                 31744.000
gr__cycles_elapsed.max                                                 10001.000
sm__pipe_tensor_cycles_active_realtime.avg.pct_of_peak_sustained_elapsed                         0.000
gr__cycles_active.avg                                                      0.000
-----------------------------------------------------------------------------------

Sample Index: 10
Timestamps -> Start: [1790062153612920818] 	End: [1790062153612952594]
-----------------------------------------------------------------------------------
sm__inst_executed_realtime.avg.pct_of_peak_sustained_elapsed                         0.000
tpc__warps_inactive_sm_idle_realtime.avg.pct_of_peak_sustained_elapsed                       100.000
sm__cycles_active.avg                                                      0.000
sm__inst_executed_realtime.avg.per_cycle_active                            0.000
gpu__time_duration.sum                                                 31776.000
gr__cycles_elapsed.max                                                 10001.000
sm__pipe_tensor_cycles_active_realtime.avg.pct_of_peak_sustained_elapsed                         0.000
gr__cycles_active.avg                                                      0.000
-----------------------------------------------------------------------------------

Sample Index: 11
Timestamps -> Start: [1790062153612952594] 	End: [1790062153612984338]
-----------------------------------------------------------------------------------
sm__inst_executed_realtime.avg.pct_of_peak_sustained_elapsed                         0.000
tpc__warps_inactive_sm_idle_realtime.avg.pct_of_peak_sustained_elapsed                       100.000
sm__cycles_active.avg                                                      0.000
sm__inst_executed_realtime.avg.per_cycle_active                            0.000
gpu__time_duration.sum                                                 31744.000
gr__cycles_elapsed.max                                                 10001.000
sm__pipe_tensor_cycles_active_realtime.avg.pct_of_peak_sustained_elapsed                         0.000
gr__cycles_active.avg                                                      0.000
-----------------------------------------------------------------------------------

Sample Index: 12
Timestamps -> Start: [1790062153612984338] 	End: [1790062153613016082]
-----------------------------------------------------------------------------------
sm__inst_executed_realtime.avg.pct_of_peak_sustained_elapsed                         0.000
tpc__warps_inactive_sm_idle_realtime.avg.pct_of_peak_sustained_elapsed                       100.000
sm__cycles_active.avg                                                      0.000
sm__inst_executed_realtime.avg.per_cycle_active                            0.000
gpu__time_duration.sum                                                 31744.000
gr__cycles_elapsed.max                                                 10001.000
sm__pipe_tensor_cycles_active_realtime.avg.pct_of_peak_sustained_elapsed                         0.000
gr__cycles_active.avg                                                      0.000
-----------------------------------------------------------------------------------

Sample Index: 13
Timestamps -> Start: [1790062153613016082] 	End: [1790062153613047826]
-----------------------------------------------------------------------------------
sm__inst_executed_realtime.avg.pct_of_peak_sustained_elapsed                         0.000
tpc__warps_inactive_sm_idle_realtime.avg.pct_of_peak_sustained_elapsed                       100.000
sm__cycles_active.avg                                                      0.000
sm__inst_executed_realtime.avg.per_cycle_active                            0.000
gpu__time_duration.sum                                                 31744.000
gr__cycles_elapsed.max                                                 10001.000
sm__pipe_tensor_cycles_active_realtime.avg.pct_of_peak_sustained_elapsed                         0.000
gr__cycles_active.avg                                                      0.000
-----------------------------------------------------------------------------------

Sample Index: 14
Timestamps -> Start: [1790062153613047826] 	End: [1790062153613079602]
-----------------------------------------------------------------------------------
sm__inst_executed_realtime.avg.pct_of_peak_sustained_elapsed                         0.000
tpc__warps_inactive_sm_idle_realtime.avg.pct_of_peak_sustained_elapsed                       100.000
sm__cycles_active.avg                                                      0.000
sm__inst_executed_realtime.avg.per_cycle_active                            0.000
gpu__time_duration.sum                                                 31776.000
gr__cycles_elapsed.max                                                 10001.000
sm__pipe_tensor_cycles_active_realtime.avg.pct_of_peak_sustained_elapsed                         0.000
gr__cycles_active.avg                                                      0.000
-----------------------------------------------------------------------------------

Sample Index: 15
Timestamps -> Start: [1790062153613079602] 	End: [1790062153613111314]
-----------------------------------------------------------------------------------
sm__inst_executed_realtime.avg.pct_of_peak_sustained_elapsed                         0.000
tpc__warps_inactive_sm_idle_realtime.avg.pct_of_peak_sustained_elapsed                       100.000
sm__cycles_active.avg                                                      0.000
sm__inst_executed_realtime.avg.per_cycle_active                            0.000
gpu__time_duration.sum                                                 31712.000
gr__cycles_elapsed.max                                                 10001.000
sm__pipe_tensor_cycles_active_realtime.avg.pct_of_peak_sustained_elapsed                         0.000
gr__cycles_active.avg                                                      0.000
-----------------------------------------------------------------------------------

Sample Index: 16
Timestamps -> Start: [1790062153613111314] 	End: [1790062153613143089]
-----------------------------------------------------------------------------------
sm__inst_executed_realtime.avg.pct_of_peak_sustained_elapsed                         0.000
tpc__warps_inactive_sm_idle_realtime.avg.pct_of_peak_sustained_elapsed                       100.000
sm__cycles_active.avg                                                      0.000
sm__inst_executed_realtime.avg.per_cycle_active                            0.000
gpu__time_duration.sum                                                 31776.000
gr__cycles_elapsed.max                                                 10001.000
sm__pipe_tensor_cycles_active_realtime.avg.pct_of_peak_sustained_elapsed                         0.000
gr__cycles_active.avg                                                      0.000
-----------------------------------------------------------------------------------

Sample Index: 17
Timestamps -> Start: [1790062153613143089] 	End: [1790062153613174801]
-----------------------------------------------------------------------------------
sm__inst_executed_realtime.avg.pct_of_peak_sustained_elapsed                         0.000
tpc__warps_inactive_sm_idle_realtime.avg.pct_of_peak_sustained_elapsed                       100.000
sm__cycles_active.avg                                                      0.000
sm__inst_executed_realtime.avg.per_cycle_active                            0.000
gpu__time_duration.sum                                                 31712.000
gr__cycles_elapsed.max                                                 10001.000
sm__pipe_tensor_cycles_active_realtime.avg.pct_of_peak_sustained_elapsed                         0.000
gr__cycles_active.avg                                                      0.000
-----------------------------------------------------------------------------------

Sample Index: 18
Timestamps -> Start: [1790062153613174801] 	End: [1790062153613206577]
-----------------------------------------------------------------------------------
sm__inst_executed_realtime.avg.pct_of_peak_sustained_elapsed                         0.000
tpc__warps_inactive_sm_idle_realtime.avg.pct_of_peak_sustained_elapsed                       100.000
sm__cycles_active.avg                                                      0.000
sm__inst_executed_realtime.avg.per_cycle_active                            0.000
gpu__time_duration.sum                                                 31776.000
gr__cycles_elapsed.max                                                 10001.000
sm__pipe_tensor_cycles_active_realtime.avg.pct_of_peak_sustained_elapsed                         0.000
gr__cycles_active.avg                                                      0.000
-----------------------------------------------------------------------------------

Sample Index: 19
Timestamps -> Start: [1790062153613206577] 	End: [1790062153613238353]
-----------------------------------------------------------------------------------
sm__inst_executed_realtime.avg.pct_of_peak_sustained_elapsed                         0.000
tpc__warps_inactive_sm_idle_realtime.avg.pct_of_peak_sustained_elapsed                       100.000
sm__cycles_active.avg                                                      0.000
sm__inst_executed_realtime.avg.per_cycle_active                            0.000
gpu__time_duration.sum                                                 31776.000
gr__cycles_elapsed.max                                                 10001.000
sm__pipe_tensor_cycles_active_realtime.avg.pct_of_peak_sustained_elapsed                         0.000
gr__cycles_active.avg                                                      0.000
-----------------------------------------------------------------------------------

Sample Index: 20
Timestamps -> Start: [1790062153613238353] 	End: [1790062153613270065]
-----------------------------------------------------------------------------------
sm__inst_executed_realtime.avg.pct_of_peak_sustained_elapsed                         0.000
tpc__warps_inactive_sm_idle_realtime.avg.pct_of_peak_sustained_elapsed                       100.000
sm__cycles_active.avg                                                      0.000
sm__inst_executed_realtime.avg.per_cycle_active                            0.000
gpu__time_duration.sum                                                 31712.000
gr__cycles_elapsed.max                                                 10001.000
sm__pipe_tensor_cycles_active_realtime.avg.pct_of_peak_sustained_elapsed                         0.000
gr__cycles_active.avg                                                      0.000
-----------------------------------------------------------------------------------

Sample Index: 21
Timestamps -> Start: [1790062153613270065] 	End: [1790062153613301809]
-----------------------------------------------------------------------------------
sm__inst_executed_realtime.avg.pct_of_peak_sustained_elapsed                         0.000
tpc__warps_inactive_sm_idle_realtime.avg.pct_of_peak_sustained_elapsed                       100.000
sm__cycles_active.avg                                                      0.000
sm__inst_executed_realtime.avg.per_cycle_active                            0.000
gpu__time_duration.sum                                                 31744.000
gr__cycles_elapsed.max                                                 10001.000
sm__pipe_tensor_cycles_active_realtime.avg.pct_of_peak_sustained_elapsed                         0.000
gr__cycles_active.avg                                                      0.000
-----------------------------------------------------------------------------------

Sample Index: 22
Timestamps -> Start: [1790062153613301809] 	End: [1790062153613333553]
-----------------------------------------------------------------------------------
sm__inst_executed_realtime.avg.pct_of_peak_sustained_elapsed                         0.000
tpc__warps_inactive_sm_idle_realtime.avg.pct_of_peak_sustained_elapsed                       100.000
sm__cycles_active.avg                                                      0.000
sm__inst_executed_realtime.avg.per_cycle_active                            0.000
gpu__time_duration.sum                                                 31744.000
gr__cycles_elapsed.max                                                 10001.000
sm__pipe_tensor_cycles_active_realtime.avg.pct_of_peak_sustained_elapsed                         0.000
gr__cycles_active.avg                                                      0.000
-----------------------------------------------------------------------------------

Sample Index: 23
Timestamps -> Start: [1790062153613333553] 	End: [1790062153613365329]
-----------------------------------------------------------------------------------
sm__inst_executed_realtime.avg.pct_of_peak_sustained_elapsed                         0.000
tpc__warps_inactive_sm_idle_realtime.avg.pct_of_peak_sustained_elapsed                       100.000
sm__cycles_active.avg                                                      0.000
sm__inst_executed_realtime.avg.per_cycle_active                            0.000
gpu__time_duration.sum                                                 31776.000
gr__cycles_elapsed.max                                                 10001.000
sm__pipe_tensor_cycles_active_realtime.avg.pct_of_peak_sustained_elapsed                         0.000
gr__cycles_active.avg                                                      0.000
-----------------------------------------------------------------------------------

Sample Index: 24
Timestamps -> Start: [1790062153613365329] 	End: [1790062153613397073]
-----------------------------------------------------------------------------------
sm__inst_executed_realtime.avg.pct_of_peak_sustained_elapsed                         0.000
tpc__warps_inactive_sm_idle_realtime.avg.pct_of_peak_sustained_elapsed                       100.000
sm__cycles_active.avg                                                      0.000
sm__inst_executed_realtime.avg.per_cycle_active                            0.000
gpu__time_duration.sum                                                 31744.000
gr__cycles_elapsed.max                                                 10001.000
sm__pipe_tensor_cycles_active_realtime.avg.pct_of_peak_sustained_elapsed                         0.000
gr__cycles_active.avg                                                      0.000
-----------------------------------------------------------------------------------

Sample Index: 25
Timestamps -> Start: [1790062153613397073] 	End: [1790062153613428785]
-----------------------------------------------------------------------------------
sm__inst_executed_realtime.avg.pct_of_peak_sustained_elapsed                         0.000
tpc__warps_inactive_sm_idle_realtime.avg.pct_of_peak_sustained_elapsed                       100.000
sm__cycles_active.avg                                                      0.000
sm__inst_executed_realtime.avg.per_cycle_active                            0.000
gpu__time_duration.sum                                                 31712.000
gr__cycles_elapsed.max                                                 10001.000
sm__pipe_tensor_cycles_active_realtime.avg.pct_of_peak_sustained_elapsed                         0.000
gr__cycles_active.avg                                                      0.000
-----------------------------------------------------------------------------------

Sample Index: 26
Timestamps -> Start: [1790062153613428785] 	End: [1790062153613460561]
-----------------------------------------------------------------------------------
sm__inst_executed_realtime.avg.pct_of_peak_sustained_elapsed                         0.000
tpc__warps_inactive_sm_idle_realtime.avg.pct_of_peak_sustained_elapsed                       100.000
sm__cycles_active.avg                                                      0.000
sm__inst_executed_realtime.avg.per_cycle_active                            0.000
gpu__time_duration.sum                                                 31776.000
gr__cycles_elapsed.max                                                 10001.000
sm__pipe_tensor_cycles_active_realtime.avg.pct_of_peak_sustained_elapsed                         0.000
gr__cycles_active.avg                                                      0.000
-----------------------------------------------------------------------------------

Sample Index: 27
Timestamps -> Start: [1790062153613460561] 	End: [1790062153613492305]
-----------------------------------------------------------------------------------
sm__inst_executed_realtime.avg.pct_of_peak_sustained_elapsed                         0.000
tpc__warps_inactive_sm_idle_realtime.avg.pct_of_peak_sustained_elapsed                       100.000
sm__cycles_active.avg                                                      0.000
sm__inst_executed_realtime.avg.per_cycle_active                            0.000
gpu__time_duration.sum                                                 31744.000
gr__cycles_elapsed.max                                                 10001.000
sm__pipe_tensor_cycles_active_realtime.avg.pct_of_peak_sustained_elapsed                         0.000
gr__cycles_active.avg                                                      0.000
-----------------------------------------------------------------------------------

Sample Index: 28
Timestamps -> Start: [1790062153613492305] 	End: [1790062153613524080]
-----------------------------------------------------------------------------------
sm__inst_executed_realtime.avg.pct_of_peak_sustained_elapsed                         0.000
tpc__warps_inactive_sm_idle_realtime.avg.pct_of_peak_sustained_elapsed                       100.000
sm__cycles_active.avg                                                      0.000
sm__inst_executed_realtime.avg.per_cycle_active                            0.000
gpu__time_duration.sum                                                 31776.000
gr__cycles_elapsed.max                                                 10001.000
sm__pipe_tensor_cycles_active_realtime.avg.pct_of_peak_sustained_elapsed                         0.000
gr__cycles_active.avg                                                      0.000
-----------------------------------------------------------------------------------

Sample Index: 29
Timestamps -> Start: [1790062153613524080] 	End: [1790062153613555824]
-----------------------------------------------------------------------------------
sm__inst_executed_realtime.avg.pct_of_peak_sustained_elapsed                         0.000
tpc__warps_inactive_sm_idle_realtime.avg.pct_of_peak_sustained_elapsed                       100.000
sm__cycles_active.avg                                                      0.000
sm__inst_executed_realtime.avg.per_cycle_active                            0.000
gpu__time_duration.sum                                                 31744.000
gr__cycles_elapsed.max                                                 10001.000
sm__pipe_tensor_cycles_active_realtime.avg.pct_of_peak_sustained_elapsed                         0.000
gr__cycles_active.avg                                                      0.000
-----------------------------------------------------------------------------------

Sample Index: 30
Timestamps -> Start: [1790062153613555824] 	End: [1790062153613587536]
-----------------------------------------------------------------------------------
sm__inst_executed_realtime.avg.pct_of_peak_sustained_elapsed                         0.000
tpc__warps_inactive_sm_idle_realtime.avg.pct_of_peak_sustained_elapsed                       100.000
sm__cycles_active.avg                                                      0.000
sm__inst_executed_realtime.avg.per_cycle_active                            0.000
gpu__time_duration.sum                                                 31712.000
gr__cycles_elapsed.max                                                 10001.000
sm__pipe_tensor_cycles_active_realtime.avg.pct_of_peak_sustained_elapsed                         0.000
gr__cycles_active.avg                                                      0.000
-----------------------------------------------------------------------------------

Sample Index: 31
Timestamps -> Start: [1790062153613587536] 	End: [1790062153613619312]
-----------------------------------------------------------------------------------
sm__inst_executed_realtime.avg.pct_of_peak_sustained_elapsed                         0.000
tpc__warps_inactive_sm_idle_realtime.avg.pct_of_peak_sustained_elapsed                       100.000
sm__cycles_active.avg                                                      0.000
sm__inst_executed_realtime.avg.per_cycle_active                            0.000
gpu__time_duration.sum                                                 31776.000
gr__cycles_elapsed.max                                                 10001.000
sm__pipe_tensor_cycles_active_realtime.avg.pct_of_peak_sustained_elapsed                         0.000
gr__cycles_active.avg                                                      0.000
-----------------------------------------------------------------------------------

Sample Index: 32
Timestamps -> Start: [1790062153613619312] 	End: [1790062153613651056]
-----------------------------------------------------------------------------------
sm__inst_executed_realtime.avg.pct_of_peak_sustained_elapsed                         0.000
tpc__warps_inactive_sm_idle_realtime.avg.pct_of_peak_sustained_elapsed                       100.000
sm__cycles_active.avg                                                      0.000
sm__inst_executed_realtime.avg.per_cycle_active                            0.000
gpu__time_duration.sum                                                 31744.000
gr__cycles_elapsed.max                                                 10001.000
sm__pipe_tensor_cycles_active_realtime.avg.pct_of_peak_sustained_elapsed                         0.000
gr__cycles_active.avg                                                      0.000
-----------------------------------------------------------------------------------

Sample Index: 33
Timestamps -> Start: [1790062153613651056] 	End: [1790062153613682800]
-----------------------------------------------------------------------------------
sm__inst_executed_realtime.avg.pct_of_peak_sustained_elapsed                         0.000
tpc__warps_inactive_sm_idle_realtime.avg.pct_of_peak_sustained_elapsed                       100.000
sm__cycles_active.avg                                                      0.000
sm__inst_executed_realtime.avg.per_cycle_active                            0.000
gpu__time_duration.sum                                                 31744.000
gr__cycles_elapsed.max                                                 10001.000
sm__pipe_tensor_cycles_active_realtime.avg.pct_of_peak_sustained_elapsed                         0.000
gr__cycles_active.avg                                                      0.000
-----------------------------------------------------------------------------------

Sample Index: 34
Timestamps -> Start: [1790062153613682800] 	End: [1790062153613714544]
-----------------------------------------------------------------------------------
sm__inst_executed_realtime.avg.pct_of_peak_sustained_elapsed                         0.000
tpc__warps_inactive_sm_idle_realtime.avg.pct_of_peak_sustained_elapsed                       100.000
sm__cycles_active.avg                                                      0.000
sm__inst_executed_realtime.avg.per_cycle_active                            0.000
gpu__time_duration.sum                                                 31744.000
gr__cycles_elapsed.max                                                 10001.000
sm__pipe_tensor_cycles_active_realtime.avg.pct_of_peak_sustained_elapsed                         0.000
gr__cycles_active.avg                                                      0.000
-----------------------------------------------------------------------------------

Sample Index: 35
Timestamps -> Start: [1790062153613714544] 	End: [1790062153613746288]
-----------------------------------------------------------------------------------
sm__inst_executed_realtime.avg.pct_of_peak_sustained_elapsed                         0.000
tpc__warps_inactive_sm_idle_realtime.avg.pct_of_peak_sustained_elapsed                       100.000
sm__cycles_active.avg                                                      0.000
sm__inst_executed_realtime.avg.per_cycle_active                            0.000
gpu__time_duration.sum                                                 31744.000
gr__cycles_elapsed.max                                                 10001.000
sm__pipe_tensor_cycles_active_realtime.avg.pct_of_peak_sustained_elapsed                         0.000
gr__cycles_active.avg                                                      0.000
-----------------------------------------------------------------------------------

Sample Index: 36
Timestamps -> Start: [1790062153613746288] 	End: [1790062153613778064]
-----------------------------------------------------------------------------------
sm__inst_executed_realtime.avg.pct_of_peak_sustained_elapsed                         0.000
tpc__warps_inactive_sm_idle_realtime.avg.pct_of_peak_sustained_elapsed                       100.000
sm__cycles_active.avg                                                      0.000
sm__inst_executed_realtime.avg.per_cycle_active                            0.000
gpu__time_duration.sum                                                 31776.000
gr__cycles_elapsed.max                                                 10001.000
sm__pipe_tensor_cycles_active_realtime.avg.pct_of_peak_sustained_elapsed                         0.000
gr__cycles_active.avg                                                      0.000
-----------------------------------------------------------------------------------

Sample Index: 37
Timestamps -> Start: [1790062153613778064] 	End: [1790062153613809808]
-----------------------------------------------------------------------------------
sm__inst_executed_realtime.avg.pct_of_peak_sustained_elapsed                         0.000
tpc__warps_inactive_sm_idle_realtime.avg.pct_of_peak_sustained_elapsed                       100.000
sm__cycles_active.avg                                                      0.000
sm__inst_executed_realtime.avg.per_cycle_active                            0.000
gpu__time_duration.sum                                                 31744.000
gr__cycles_elapsed.max                                                 10001.000
sm__pipe_tensor_cycles_active_realtime.avg.pct_of_peak_sustained_elapsed                         0.000
gr__cycles_active.avg                                                      0.000
-----------------------------------------------------------------------------------

Sample Index: 38
Timestamps -> Start: [1790062153613809808] 	End: [1790062153613841520]
-----------------------------------------------------------------------------------
sm__inst_executed_realtime.avg.pct_of_peak_sustained_elapsed                         0.000
tpc__warps_inactive_sm_idle_realtime.avg.pct_of_peak_sustained_elapsed                       100.000
sm__cycles_active.avg                                                      0.000
sm__inst_executed_realtime.avg.per_cycle_active                            0.000
gpu__time_duration.sum                                                 31712.000
gr__cycles_elapsed.max                                                 10001.000
sm__pipe_tensor_cycles_active_realtime.avg.pct_of_peak_sustained_elapsed                         0.000
gr__cycles_active.avg                                                      0.000
-----------------------------------------------------------------------------------

Sample Index: 39
Timestamps -> Start: [1790062153613841520] 	End: [1790062153613873296]
-----------------------------------------------------------------------------------
sm__inst_executed_realtime.avg.pct_of_peak_sustained_elapsed                         0.000
tpc__warps_inactive_sm_idle_realtime.avg.pct_of_peak_sustained_elapsed                       100.000
sm__cycles_active.avg                                                      0.000
sm__inst_executed_realtime.avg.per_cycle_active                            0.000
gpu__time_duration.sum                                                 31776.000
gr__cycles_elapsed.max                                                 10001.000
sm__pipe_tensor_cycles_active_realtime.avg.pct_of_peak_sustained_elapsed                         0.000
gr__cycles_active.avg                                                      0.000
-----------------------------------------------------------------------------------

Sample Index: 40
Timestamps -> Start: [1790062153613873296] 	End: [1790062153613905039]
-----------------------------------------------------------------------------------
sm__inst_executed_realtime.avg.pct_of_peak_sustained_elapsed                         0.000
tpc__warps_inactive_sm_idle_realtime.avg.pct_of_peak_sustained_elapsed                       100.000
sm__cycles_active.avg                                                      0.000
sm__inst_executed_realtime.avg.per_cycle_active                            0.000
gpu__time_duration.sum                                                 31744.000
gr__cycles_elapsed.max                                                 10001.000
sm__pipe_tensor_cycles_active_realtime.avg.pct_of_peak_sustained_elapsed                         0.000
gr__cycles_active.avg                                                      0.000
-----------------------------------------------------------------------------------

Sample Index: 41
Timestamps -> Start: [1790062153613905039] 	End: [1790062153613936783]
-----------------------------------------------------------------------------------
sm__inst_executed_realtime.avg.pct_of_peak_sustained_elapsed                         0.000
tpc__warps_inactive_sm_idle_realtime.avg.pct_of_peak_sustained_elapsed                       100.000
sm__cycles_active.avg                                                      0.000
sm__inst_executed_realtime.avg.per_cycle_active                            0.000
gpu__time_duration.sum                                                 31744.000
gr__cycles_elapsed.max                                                 10001.000
sm__pipe_tensor_cycles_active_realtime.avg.pct_of_peak_sustained_elapsed                         0.000
gr__cycles_active.avg                                                      0.000
-----------------------------------------------------------------------------------

Sample Index: 42
Timestamps -> Start: [1790062153613936783] 	End: [1790062153613968527]
-----------------------------------------------------------------------------------
sm__inst_executed_realtime.avg.pct_of_peak_sustained_elapsed                         0.000
tpc__warps_inactive_sm_idle_realtime.avg.pct_of_peak_sustained_elapsed                       100.000
sm__cycles_active.avg                                                      0.000
sm__inst_executed_realtime.avg.per_cycle_active                            0.000
gpu__time_duration.sum                                                 31744.000
gr__cycles_elapsed.max                                                 10001.000
sm__pipe_tensor_cycles_active_realtime.avg.pct_of_peak_sustained_elapsed                         0.000
gr__cycles_active.avg                                                      0.000
-----------------------------------------------------------------------------------

Sample Index: 43
Timestamps -> Start: [1790062153613968527] 	End: [1790062153614000271]
-----------------------------------------------------------------------------------
sm__inst_executed_realtime.avg.pct_of_peak_sustained_elapsed                         0.000
tpc__warps_inactive_sm_idle_realtime.avg.pct_of_peak_sustained_elapsed                       100.000
sm__cycles_active.avg                                                      0.000
sm__inst_executed_realtime.avg.per_cycle_active                            0.000
gpu__time_duration.sum                                                 31744.000
gr__cycles_elapsed.max                                                 10001.000
sm__pipe_tensor_cycles_active_realtime.avg.pct_of_peak_sustained_elapsed                         0.000
gr__cycles_active.avg                                                      0.000
-----------------------------------------------------------------------------------

Sample Index: 44
Timestamps -> Start: [1790062153614000271] 	End: [1790062153614032047]
-----------------------------------------------------------------------------------
sm__inst_executed_realtime.avg.pct_of_peak_sustained_elapsed                         0.000
tpc__warps_inactive_sm_idle_realtime.avg.pct_of_peak_sustained_elapsed                       100.000
sm__cycles_active.avg                                                      0.000
sm__inst_executed_realtime.avg.per_cycle_active                            0.000
gpu__time_duration.sum                                                 31776.000
gr__cycles_elapsed.max                                                 10001.000
sm__pipe_tensor_cycles_active_realtime.avg.pct_of_peak_sustained_elapsed                         0.000
gr__cycles_active.avg                                                      0.000
-----------------------------------------------------------------------------------

Sample Index: 45
Timestamps -> Start: [1790062153614032047] 	End: [1790062153614063791]
-----------------------------------------------------------------------------------
sm__inst_executed_realtime.avg.pct_of_peak_sustained_elapsed                         0.000
tpc__warps_inactive_sm_idle_realtime.avg.pct_of_peak_sustained_elapsed                       100.000
sm__cycles_active.avg                                                      0.000
sm__inst_executed_realtime.avg.per_cycle_active                            0.000
gpu__time_duration.sum                                                 31744.000
gr__cycles_elapsed.max                                                 10001.000
sm__pipe_tensor_cycles_active_realtime.avg.pct_of_peak_sustained_elapsed                         0.000
gr__cycles_active.avg                                                      0.000
-----------------------------------------------------------------------------------

Sample Index: 46
Timestamps -> Start: [1790062153614063791] 	End: [1790062153614095535]
-----------------------------------------------------------------------------------
sm__inst_executed_realtime.avg.pct_of_peak_sustained_elapsed                         0.000
tpc__warps_inactive_sm_idle_realtime.avg.pct_of_peak_sustained_elapsed                       100.000
sm__cycles_active.avg                                                      0.000
sm__inst_executed_realtime.avg.per_cycle_active                            0.000
gpu__time_duration.sum                                                 31744.000
gr__cycles_elapsed.max                                                 10001.000
sm__pipe_tensor_cycles_active_realtime.avg.pct_of_peak_sustained_elapsed                         0.000
gr__cycles_active.avg                                                      0.000
-----------------------------------------------------------------------------------

Sample Index: 47
Timestamps -> Start: [1790062153614095535] 	End: [1790062153614127279]
-----------------------------------------------------------------------------------
sm__inst_executed_realtime.avg.pct_of_peak_sustained_elapsed                         0.000
tpc__warps_inactive_sm_idle_realtime.avg.pct_of_peak_sustained_elapsed                       100.000
sm__cycles_active.avg                                                      0.000
sm__inst_executed_realtime.avg.per_cycle_active                            0.000
gpu__time_duration.sum                                                 31744.000
gr__cycles_elapsed.max                                                 10001.000
sm__pipe_tensor_cycles_active_realtime.avg.pct_of_peak_sustained_elapsed                         0.000
gr__cycles_active.avg                                                      0.000
-----------------------------------------------------------------------------------

Sample Index: 48
Timestamps -> Start: [1790062153614127279] 	End: [1790062153614159055]
-----------------------------------------------------------------------------------
sm__inst_executed_realtime.avg.pct_of_peak_sustained_elapsed                         0.000
tpc__warps_inactive_sm_idle_realtime.avg.pct_of_peak_sustained_elapsed                       100.000
sm__cycles_active.avg                                                      0.000
sm__inst_executed_realtime.avg.per_cycle_active                            0.000
gpu__time_duration.sum                                                 31776.000
gr__cycles_elapsed.max                                                 10001.000
sm__pipe_tensor_cycles_active_realtime.avg.pct_of_peak_sustained_elapsed                         0.000
gr__cycles_active.avg                                                      0.000
-----------------------------------------------------------------------------------

Sample Index: 49
Timestamps -> Start: [1790062153614159055] 	End: [1790062153614190767]
-----------------------------------------------------------------------------------
sm__inst_executed_realtime.avg.pct_of_peak_sustained_elapsed                         0.000
tpc__warps_inactive_sm_idle_realtime.avg.pct_of_peak_sustained_elapsed                       100.000
sm__cycles_active.avg                                                      0.000
sm__inst_executed_realtime.avg.per_cycle_active                            0.000
gpu__time_duration.sum                                                 31712.000
gr__cycles_elapsed.max                                                 10001.000
sm__pipe_tensor_cycles_active_realtime.avg.pct_of_peak_sustained_elapsed                         0.000
gr__cycles_active.avg                                                      0.000
-----------------------------------------------------------------------------------

PM Sampling CSV saved to: pm_sampling.csv
