Num of Passes: 1
CUDA Device Number: 0
Compute Capability of Device: 11.0
PM Sampling active for 15 seconds with a 100000-sample counter data image...

--- PM Sampling continuity ---
Valid samples: 1222278
Median PM interval: 6336 ns
Gaps larger than 31680 ns: 48
Total reported gap: 2978711653 ns
Largest reported gap: 365749884 ns
Total num of Samples: 1225620
Printing first 50 samples:
Sample Index: 0
Timestamps -> Start: [1788403983602053977] 	End: [1790062192719011283]
-----------------------------------------------------------------------------------
sm__inst_executed_realtime.avg.pct_of_peak_sustained_elapsed                         0.000
tpc__warps_inactive_sm_idle_realtime.avg.pct_of_peak_sustained_elapsed                       100.000
sm__cycles_active.avg                                                      0.000
sm__inst_executed_realtime.avg.per_cycle_active                            0.000
gpu__time_duration.sum                                      1608419744697632.000
gr__cycles_elapsed.max                                               8801927.000
sm__pipe_tensor_cycles_active_realtime.avg.pct_of_peak_sustained_elapsed                         0.000
gr__cycles_active.avg                                                      0.000
-----------------------------------------------------------------------------------

Sample Index: 1
Timestamps -> Start: [1790062192719011283] 	End: [1790062192719042995]
-----------------------------------------------------------------------------------
sm__inst_executed_realtime.avg.pct_of_peak_sustained_elapsed                         0.000
tpc__warps_inactive_sm_idle_realtime.avg.pct_of_peak_sustained_elapsed                       100.000
sm__cycles_active.avg                                                      0.000
sm__inst_executed_realtime.avg.per_cycle_active                            0.000
gpu__time_duration.sum                                                 31712.000
gr__cycles_elapsed.max                                                 10001.000
sm__pipe_tensor_cycles_active_realtime.avg.pct_of_peak_sustained_elapsed                         0.000
gr__cycles_active.avg                                                      0.000
-----------------------------------------------------------------------------------

Sample Index: 2
Timestamps -> Start: [1790062192719042995] 	End: [1790062192719074739]
-----------------------------------------------------------------------------------
sm__inst_executed_realtime.avg.pct_of_peak_sustained_elapsed                         0.000
tpc__warps_inactive_sm_idle_realtime.avg.pct_of_peak_sustained_elapsed                       100.000
sm__cycles_active.avg                                                      0.000
sm__inst_executed_realtime.avg.per_cycle_active                            0.000
gpu__time_duration.sum                                                 31744.000
gr__cycles_elapsed.max                                                 10001.000
sm__pipe_tensor_cycles_active_realtime.avg.pct_of_peak_sustained_elapsed                         0.000
gr__cycles_active.avg                                                      0.000
-----------------------------------------------------------------------------------

Sample Index: 3
Timestamps -> Start: [1790062192719074739] 	End: [1790062192719106515]
-----------------------------------------------------------------------------------
sm__inst_executed_realtime.avg.pct_of_peak_sustained_elapsed                         0.000
tpc__warps_inactive_sm_idle_realtime.avg.pct_of_peak_sustained_elapsed                       100.000
sm__cycles_active.avg                                                      0.000
sm__inst_executed_realtime.avg.per_cycle_active                            0.000
gpu__time_duration.sum                                                 31776.000
gr__cycles_elapsed.max                                                 10001.000
sm__pipe_tensor_cycles_active_realtime.avg.pct_of_peak_sustained_elapsed                         0.000
gr__cycles_active.avg                                                      0.000
-----------------------------------------------------------------------------------

Sample Index: 4
Timestamps -> Start: [1790062192719106515] 	End: [1790062192719138259]
-----------------------------------------------------------------------------------
sm__inst_executed_realtime.avg.pct_of_peak_sustained_elapsed                         0.000
tpc__warps_inactive_sm_idle_realtime.avg.pct_of_peak_sustained_elapsed                       100.000
sm__cycles_active.avg                                                      0.000
sm__inst_executed_realtime.avg.per_cycle_active                            0.000
gpu__time_duration.sum                                                 31744.000
gr__cycles_elapsed.max                                                 10001.000
sm__pipe_tensor_cycles_active_realtime.avg.pct_of_peak_sustained_elapsed                         0.000
gr__cycles_active.avg                                                      0.000
-----------------------------------------------------------------------------------

Sample Index: 5
Timestamps -> Start: [1790062192719138259] 	End: [1790062192719170035]
-----------------------------------------------------------------------------------
sm__inst_executed_realtime.avg.pct_of_peak_sustained_elapsed                         0.000
tpc__warps_inactive_sm_idle_realtime.avg.pct_of_peak_sustained_elapsed                       100.000
sm__cycles_active.avg                                                      0.000
sm__inst_executed_realtime.avg.per_cycle_active                            0.000
gpu__time_duration.sum                                                 31776.000
gr__cycles_elapsed.max                                                 10001.000
sm__pipe_tensor_cycles_active_realtime.avg.pct_of_peak_sustained_elapsed                         0.000
gr__cycles_active.avg                                                      0.000
-----------------------------------------------------------------------------------

Sample Index: 6
Timestamps -> Start: [1790062192719170035] 	End: [1790062192719201747]
-----------------------------------------------------------------------------------
sm__inst_executed_realtime.avg.pct_of_peak_sustained_elapsed                         0.000
tpc__warps_inactive_sm_idle_realtime.avg.pct_of_peak_sustained_elapsed                       100.000
sm__cycles_active.avg                                                      0.000
sm__inst_executed_realtime.avg.per_cycle_active                            0.000
gpu__time_duration.sum                                                 31712.000
gr__cycles_elapsed.max                                                 10001.000
sm__pipe_tensor_cycles_active_realtime.avg.pct_of_peak_sustained_elapsed                         0.000
gr__cycles_active.avg                                                      0.000
-----------------------------------------------------------------------------------

Sample Index: 7
Timestamps -> Start: [1790062192719201747] 	End: [1790062192719233490]
-----------------------------------------------------------------------------------
sm__inst_executed_realtime.avg.pct_of_peak_sustained_elapsed                         0.000
tpc__warps_inactive_sm_idle_realtime.avg.pct_of_peak_sustained_elapsed                       100.000
sm__cycles_active.avg                                                      0.000
sm__inst_executed_realtime.avg.per_cycle_active                            0.000
gpu__time_duration.sum                                                 31744.000
gr__cycles_elapsed.max                                                 10001.000
sm__pipe_tensor_cycles_active_realtime.avg.pct_of_peak_sustained_elapsed                         0.000
gr__cycles_active.avg                                                      0.000
-----------------------------------------------------------------------------------

Sample Index: 8
Timestamps -> Start: [1790062192719233490] 	End: [1790062192719265266]
-----------------------------------------------------------------------------------
sm__inst_executed_realtime.avg.pct_of_peak_sustained_elapsed                         0.000
tpc__warps_inactive_sm_idle_realtime.avg.pct_of_peak_sustained_elapsed                       100.000
sm__cycles_active.avg                                                      0.000
sm__inst_executed_realtime.avg.per_cycle_active                            0.000
gpu__time_duration.sum                                                 31776.000
gr__cycles_elapsed.max                                                 10001.000
sm__pipe_tensor_cycles_active_realtime.avg.pct_of_peak_sustained_elapsed                         0.000
gr__cycles_active.avg                                                      0.000
-----------------------------------------------------------------------------------

Sample Index: 9
Timestamps -> Start: [1790062192719265266] 	End: [1790062192719297042]
-----------------------------------------------------------------------------------
sm__inst_executed_realtime.avg.pct_of_peak_sustained_elapsed                         0.000
tpc__warps_inactive_sm_idle_realtime.avg.pct_of_peak_sustained_elapsed                       100.000
sm__cycles_active.avg                                                      0.000
sm__inst_executed_realtime.avg.per_cycle_active                            0.000
gpu__time_duration.sum                                                 31776.000
gr__cycles_elapsed.max                                                 10001.000
sm__pipe_tensor_cycles_active_realtime.avg.pct_of_peak_sustained_elapsed                         0.000
gr__cycles_active.avg                                                      0.000
-----------------------------------------------------------------------------------

Sample Index: 10
Timestamps -> Start: [1790062192719297042] 	End: [1790062192719328722]
-----------------------------------------------------------------------------------
sm__inst_executed_realtime.avg.pct_of_peak_sustained_elapsed                         0.000
tpc__warps_inactive_sm_idle_realtime.avg.pct_of_peak_sustained_elapsed                       100.000
sm__cycles_active.avg                                                      0.000
sm__inst_executed_realtime.avg.per_cycle_active                            0.000
gpu__time_duration.sum                                                 31680.000
gr__cycles_elapsed.max                                                 10001.000
sm__pipe_tensor_cycles_active_realtime.avg.pct_of_peak_sustained_elapsed                         0.000
gr__cycles_active.avg                                                      0.000
-----------------------------------------------------------------------------------

Sample Index: 11
Timestamps -> Start: [1790062192719328722] 	End: [1790062192719360498]
-----------------------------------------------------------------------------------
sm__inst_executed_realtime.avg.pct_of_peak_sustained_elapsed                         0.000
tpc__warps_inactive_sm_idle_realtime.avg.pct_of_peak_sustained_elapsed                       100.000
sm__cycles_active.avg                                                      0.000
sm__inst_executed_realtime.avg.per_cycle_active                            0.000
gpu__time_duration.sum                                                 31776.000
gr__cycles_elapsed.max                                                 10001.000
sm__pipe_tensor_cycles_active_realtime.avg.pct_of_peak_sustained_elapsed                         0.000
gr__cycles_active.avg                                                      0.000
-----------------------------------------------------------------------------------

Sample Index: 12
Timestamps -> Start: [1790062192719360498] 	End: [1790062192719392242]
-----------------------------------------------------------------------------------
sm__inst_executed_realtime.avg.pct_of_peak_sustained_elapsed                         0.000
tpc__warps_inactive_sm_idle_realtime.avg.pct_of_peak_sustained_elapsed                       100.000
sm__cycles_active.avg                                                      0.000
sm__inst_executed_realtime.avg.per_cycle_active                            0.000
gpu__time_duration.sum                                                 31744.000
gr__cycles_elapsed.max                                                 10001.000
sm__pipe_tensor_cycles_active_realtime.avg.pct_of_peak_sustained_elapsed                         0.000
gr__cycles_active.avg                                                      0.000
-----------------------------------------------------------------------------------

Sample Index: 13
Timestamps -> Start: [1790062192719392242] 	End: [1790062192719424018]
-----------------------------------------------------------------------------------
sm__inst_executed_realtime.avg.pct_of_peak_sustained_elapsed                         0.000
tpc__warps_inactive_sm_idle_realtime.avg.pct_of_peak_sustained_elapsed                       100.000
sm__cycles_active.avg                                                      0.000
sm__inst_executed_realtime.avg.per_cycle_active                            0.000
gpu__time_duration.sum                                                 31776.000
gr__cycles_elapsed.max                                                 10001.000
sm__pipe_tensor_cycles_active_realtime.avg.pct_of_peak_sustained_elapsed                         0.000
gr__cycles_active.avg                                                      0.000
-----------------------------------------------------------------------------------

Sample Index: 14
Timestamps -> Start: [1790062192719424018] 	End: [1790062192719455762]
-----------------------------------------------------------------------------------
sm__inst_executed_realtime.avg.pct_of_peak_sustained_elapsed                         0.000
tpc__warps_inactive_sm_idle_realtime.avg.pct_of_peak_sustained_elapsed                       100.000
sm__cycles_active.avg                                                      0.000
sm__inst_executed_realtime.avg.per_cycle_active                            0.000
gpu__time_duration.sum                                                 31744.000
gr__cycles_elapsed.max                                                 10001.000
sm__pipe_tensor_cycles_active_realtime.avg.pct_of_peak_sustained_elapsed                         0.000
gr__cycles_active.avg                                                      0.000
-----------------------------------------------------------------------------------

Sample Index: 15
Timestamps -> Start: [1790062192719455762] 	End: [1790062192719487474]
-----------------------------------------------------------------------------------
sm__inst_executed_realtime.avg.pct_of_peak_sustained_elapsed                         0.000
tpc__warps_inactive_sm_idle_realtime.avg.pct_of_peak_sustained_elapsed                       100.000
sm__cycles_active.avg                                                      0.000
sm__inst_executed_realtime.avg.per_cycle_active                            0.000
gpu__time_duration.sum                                                 31712.000
gr__cycles_elapsed.max                                                 10001.000
sm__pipe_tensor_cycles_active_realtime.avg.pct_of_peak_sustained_elapsed                         0.000
gr__cycles_active.avg                                                      0.000
-----------------------------------------------------------------------------------

Sample Index: 16
Timestamps -> Start: [1790062192719487474] 	End: [1790062192719519250]
-----------------------------------------------------------------------------------
sm__inst_executed_realtime.avg.pct_of_peak_sustained_elapsed                         0.000
tpc__warps_inactive_sm_idle_realtime.avg.pct_of_peak_sustained_elapsed                       100.000
sm__cycles_active.avg                                                      0.000
sm__inst_executed_realtime.avg.per_cycle_active                            0.000
gpu__time_duration.sum                                                 31776.000
gr__cycles_elapsed.max                                                 10001.000
sm__pipe_tensor_cycles_active_realtime.avg.pct_of_peak_sustained_elapsed                         0.000
gr__cycles_active.avg                                                      0.000
-----------------------------------------------------------------------------------

Sample Index: 17
Timestamps -> Start: [1790062192719519250] 	End: [1790062192719551026]
-----------------------------------------------------------------------------------
sm__inst_executed_realtime.avg.pct_of_peak_sustained_elapsed                         0.000
tpc__warps_inactive_sm_idle_realtime.avg.pct_of_peak_sustained_elapsed                       100.000
sm__cycles_active.avg                                                      0.000
sm__inst_executed_realtime.avg.per_cycle_active                            0.000
gpu__time_duration.sum                                                 31776.000
gr__cycles_elapsed.max                                                 10001.000
sm__pipe_tensor_cycles_active_realtime.avg.pct_of_peak_sustained_elapsed                         0.000
gr__cycles_active.avg                                                      0.000
-----------------------------------------------------------------------------------

Sample Index: 18
Timestamps -> Start: [1790062192719551026] 	End: [1790062192719582738]
-----------------------------------------------------------------------------------
sm__inst_executed_realtime.avg.pct_of_peak_sustained_elapsed                         0.000
tpc__warps_inactive_sm_idle_realtime.avg.pct_of_peak_sustained_elapsed                       100.000
sm__cycles_active.avg                                                      0.000
sm__inst_executed_realtime.avg.per_cycle_active                            0.000
gpu__time_duration.sum                                                 31712.000
gr__cycles_elapsed.max                                                 10001.000
sm__pipe_tensor_cycles_active_realtime.avg.pct_of_peak_sustained_elapsed                         0.000
gr__cycles_active.avg                                                      0.000
-----------------------------------------------------------------------------------

Sample Index: 19
Timestamps -> Start: [1790062192719582738] 	End: [1790062192719614481]
-----------------------------------------------------------------------------------
sm__inst_executed_realtime.avg.pct_of_peak_sustained_elapsed                         0.000
tpc__warps_inactive_sm_idle_realtime.avg.pct_of_peak_sustained_elapsed                       100.000
sm__cycles_active.avg                                                      0.000
sm__inst_executed_realtime.avg.per_cycle_active                            0.000
gpu__time_duration.sum                                                 31744.000
gr__cycles_elapsed.max                                                 10001.000
sm__pipe_tensor_cycles_active_realtime.avg.pct_of_peak_sustained_elapsed                         0.000
gr__cycles_active.avg                                                      0.000
-----------------------------------------------------------------------------------

Sample Index: 20
Timestamps -> Start: [1790062192719614481] 	End: [1790062192719646257]
-----------------------------------------------------------------------------------
sm__inst_executed_realtime.avg.pct_of_peak_sustained_elapsed                         0.000
tpc__warps_inactive_sm_idle_realtime.avg.pct_of_peak_sustained_elapsed                       100.000
sm__cycles_active.avg                                                      0.000
sm__inst_executed_realtime.avg.per_cycle_active                            0.000
gpu__time_duration.sum                                                 31776.000
gr__cycles_elapsed.max                                                 10001.000
sm__pipe_tensor_cycles_active_realtime.avg.pct_of_peak_sustained_elapsed                         0.000
gr__cycles_active.avg                                                      0.000
-----------------------------------------------------------------------------------

Sample Index: 21
Timestamps -> Start: [1790062192719646257] 	End: [1790062192719678001]
-----------------------------------------------------------------------------------
sm__inst_executed_realtime.avg.pct_of_peak_sustained_elapsed                         0.000
tpc__warps_inactive_sm_idle_realtime.avg.pct_of_peak_sustained_elapsed                       100.000
sm__cycles_active.avg                                                      0.000
sm__inst_executed_realtime.avg.per_cycle_active                            0.000
gpu__time_duration.sum                                                 31744.000
gr__cycles_elapsed.max                                                 10001.000
sm__pipe_tensor_cycles_active_realtime.avg.pct_of_peak_sustained_elapsed                         0.000
gr__cycles_active.avg                                                      0.000
-----------------------------------------------------------------------------------

Sample Index: 22
Timestamps -> Start: [1790062192719678001] 	End: [1790062192719709777]
-----------------------------------------------------------------------------------
sm__inst_executed_realtime.avg.pct_of_peak_sustained_elapsed                         0.000
tpc__warps_inactive_sm_idle_realtime.avg.pct_of_peak_sustained_elapsed                       100.000
sm__cycles_active.avg                                                      0.000
sm__inst_executed_realtime.avg.per_cycle_active                            0.000
gpu__time_duration.sum                                                 31776.000
gr__cycles_elapsed.max                                                 10001.000
sm__pipe_tensor_cycles_active_realtime.avg.pct_of_peak_sustained_elapsed                         0.000
gr__cycles_active.avg                                                      0.000
-----------------------------------------------------------------------------------

Sample Index: 23
Timestamps -> Start: [1790062192719709777] 	End: [1790062192719741489]
-----------------------------------------------------------------------------------
sm__inst_executed_realtime.avg.pct_of_peak_sustained_elapsed                         0.000
tpc__warps_inactive_sm_idle_realtime.avg.pct_of_peak_sustained_elapsed                       100.000
sm__cycles_active.avg                                                      0.000
sm__inst_executed_realtime.avg.per_cycle_active                            0.000
gpu__time_duration.sum                                                 31712.000
gr__cycles_elapsed.max                                                 10001.000
sm__pipe_tensor_cycles_active_realtime.avg.pct_of_peak_sustained_elapsed                         0.000
gr__cycles_active.avg                                                      0.000
-----------------------------------------------------------------------------------

Sample Index: 24
Timestamps -> Start: [1790062192719741489] 	End: [1790062192719773233]
-----------------------------------------------------------------------------------
sm__inst_executed_realtime.avg.pct_of_peak_sustained_elapsed                         0.000
tpc__warps_inactive_sm_idle_realtime.avg.pct_of_peak_sustained_elapsed                       100.000
sm__cycles_active.avg                                                      0.000
sm__inst_executed_realtime.avg.per_cycle_active                            0.000
gpu__time_duration.sum                                                 31744.000
gr__cycles_elapsed.max                                                 10001.000
sm__pipe_tensor_cycles_active_realtime.avg.pct_of_peak_sustained_elapsed                         0.000
gr__cycles_active.avg                                                      0.000
-----------------------------------------------------------------------------------

Sample Index: 25
Timestamps -> Start: [1790062192719773233] 	End: [1790062192719805009]
-----------------------------------------------------------------------------------
sm__inst_executed_realtime.avg.pct_of_peak_sustained_elapsed                         0.000
tpc__warps_inactive_sm_idle_realtime.avg.pct_of_peak_sustained_elapsed                       100.000
sm__cycles_active.avg                                                      0.000
sm__inst_executed_realtime.avg.per_cycle_active                            0.000
gpu__time_duration.sum                                                 31776.000
gr__cycles_elapsed.max                                                 10001.000
sm__pipe_tensor_cycles_active_realtime.avg.pct_of_peak_sustained_elapsed                         0.000
gr__cycles_active.avg                                                      0.000
-----------------------------------------------------------------------------------

Sample Index: 26
Timestamps -> Start: [1790062192719805009] 	End: [1790062192719836753]
-----------------------------------------------------------------------------------
sm__inst_executed_realtime.avg.pct_of_peak_sustained_elapsed                         0.000
tpc__warps_inactive_sm_idle_realtime.avg.pct_of_peak_sustained_elapsed                       100.000
sm__cycles_active.avg                                                      0.000
sm__inst_executed_realtime.avg.per_cycle_active                            0.000
gpu__time_duration.sum                                                 31744.000
gr__cycles_elapsed.max                                                 10001.000
sm__pipe_tensor_cycles_active_realtime.avg.pct_of_peak_sustained_elapsed                         0.000
gr__cycles_active.avg                                                      0.000
-----------------------------------------------------------------------------------

Sample Index: 27
Timestamps -> Start: [1790062192719836753] 	End: [1790062192719868497]
-----------------------------------------------------------------------------------
sm__inst_executed_realtime.avg.pct_of_peak_sustained_elapsed                         0.000
tpc__warps_inactive_sm_idle_realtime.avg.pct_of_peak_sustained_elapsed                       100.000
sm__cycles_active.avg                                                      0.000
sm__inst_executed_realtime.avg.per_cycle_active                            0.000
gpu__time_duration.sum                                                 31744.000
gr__cycles_elapsed.max                                                 10001.000
sm__pipe_tensor_cycles_active_realtime.avg.pct_of_peak_sustained_elapsed                         0.000
gr__cycles_active.avg                                                      0.000
-----------------------------------------------------------------------------------

Sample Index: 28
Timestamps -> Start: [1790062192719868497] 	End: [1790062192719900209]
-----------------------------------------------------------------------------------
sm__inst_executed_realtime.avg.pct_of_peak_sustained_elapsed                         0.000
tpc__warps_inactive_sm_idle_realtime.avg.pct_of_peak_sustained_elapsed                       100.000
sm__cycles_active.avg                                                      0.000
sm__inst_executed_realtime.avg.per_cycle_active                            0.000
gpu__time_duration.sum                                                 31712.000
gr__cycles_elapsed.max                                                 10001.000
sm__pipe_tensor_cycles_active_realtime.avg.pct_of_peak_sustained_elapsed                         0.000
gr__cycles_active.avg                                                      0.000
-----------------------------------------------------------------------------------

Sample Index: 29
Timestamps -> Start: [1790062192719900209] 	End: [1790062192719931985]
-----------------------------------------------------------------------------------
sm__inst_executed_realtime.avg.pct_of_peak_sustained_elapsed                         0.000
tpc__warps_inactive_sm_idle_realtime.avg.pct_of_peak_sustained_elapsed                       100.000
sm__cycles_active.avg                                                      0.000
sm__inst_executed_realtime.avg.per_cycle_active                            0.000
gpu__time_duration.sum                                                 31776.000
gr__cycles_elapsed.max                                                 10001.000
sm__pipe_tensor_cycles_active_realtime.avg.pct_of_peak_sustained_elapsed                         0.000
gr__cycles_active.avg                                                      0.000
-----------------------------------------------------------------------------------

Sample Index: 30
Timestamps -> Start: [1790062192719931985] 	End: [1790062192719963729]
-----------------------------------------------------------------------------------
sm__inst_executed_realtime.avg.pct_of_peak_sustained_elapsed                         0.000
tpc__warps_inactive_sm_idle_realtime.avg.pct_of_peak_sustained_elapsed                       100.000
sm__cycles_active.avg                                                      0.000
sm__inst_executed_realtime.avg.per_cycle_active                            0.000
gpu__time_duration.sum                                                 31744.000
gr__cycles_elapsed.max                                                 10001.000
sm__pipe_tensor_cycles_active_realtime.avg.pct_of_peak_sustained_elapsed                         0.000
gr__cycles_active.avg                                                      0.000
-----------------------------------------------------------------------------------

Sample Index: 31
Timestamps -> Start: [1790062192719963729] 	End: [1790062192719995472]
-----------------------------------------------------------------------------------
sm__inst_executed_realtime.avg.pct_of_peak_sustained_elapsed                         0.000
tpc__warps_inactive_sm_idle_realtime.avg.pct_of_peak_sustained_elapsed                       100.000
sm__cycles_active.avg                                                      0.000
sm__inst_executed_realtime.avg.per_cycle_active                            0.000
gpu__time_duration.sum                                                 31744.000
gr__cycles_elapsed.max                                                 10001.000
sm__pipe_tensor_cycles_active_realtime.avg.pct_of_peak_sustained_elapsed                         0.000
gr__cycles_active.avg                                                      0.000
-----------------------------------------------------------------------------------

Sample Index: 32
Timestamps -> Start: [1790062192719995472] 	End: [1790062192720027216]
-----------------------------------------------------------------------------------
sm__inst_executed_realtime.avg.pct_of_peak_sustained_elapsed                         0.000
tpc__warps_inactive_sm_idle_realtime.avg.pct_of_peak_sustained_elapsed                       100.000
sm__cycles_active.avg                                                      0.000
sm__inst_executed_realtime.avg.per_cycle_active                            0.000
gpu__time_duration.sum                                                 31744.000
gr__cycles_elapsed.max                                                 10001.000
sm__pipe_tensor_cycles_active_realtime.avg.pct_of_peak_sustained_elapsed                         0.000
gr__cycles_active.avg                                                      0.000
-----------------------------------------------------------------------------------

Sample Index: 33
Timestamps -> Start: [1790062192720027216] 	End: [1790062192720058992]
-----------------------------------------------------------------------------------
sm__inst_executed_realtime.avg.pct_of_peak_sustained_elapsed                         0.000
tpc__warps_inactive_sm_idle_realtime.avg.pct_of_peak_sustained_elapsed                       100.000
sm__cycles_active.avg                                                      0.000
sm__inst_executed_realtime.avg.per_cycle_active                            0.000
gpu__time_duration.sum                                                 31776.000
gr__cycles_elapsed.max                                                 10001.000
sm__pipe_tensor_cycles_active_realtime.avg.pct_of_peak_sustained_elapsed                         0.000
gr__cycles_active.avg                                                      0.000
-----------------------------------------------------------------------------------

Sample Index: 34
Timestamps -> Start: [1790062192720058992] 	End: [1790062192720090736]
-----------------------------------------------------------------------------------
sm__inst_executed_realtime.avg.pct_of_peak_sustained_elapsed                         0.000
tpc__warps_inactive_sm_idle_realtime.avg.pct_of_peak_sustained_elapsed                       100.000
sm__cycles_active.avg                                                      0.000
sm__inst_executed_realtime.avg.per_cycle_active                            0.000
gpu__time_duration.sum                                                 31744.000
gr__cycles_elapsed.max                                                 10001.000
sm__pipe_tensor_cycles_active_realtime.avg.pct_of_peak_sustained_elapsed                         0.000
gr__cycles_active.avg                                                      0.000
-----------------------------------------------------------------------------------

Sample Index: 35
Timestamps -> Start: [1790062192720090736] 	End: [1790062192720122480]
-----------------------------------------------------------------------------------
sm__inst_executed_realtime.avg.pct_of_peak_sustained_elapsed                         0.000
tpc__warps_inactive_sm_idle_realtime.avg.pct_of_peak_sustained_elapsed                       100.000
sm__cycles_active.avg                                                      0.000
sm__inst_executed_realtime.avg.per_cycle_active                            0.000
gpu__time_duration.sum                                                 31744.000
gr__cycles_elapsed.max                                                 10001.000
sm__pipe_tensor_cycles_active_realtime.avg.pct_of_peak_sustained_elapsed                         0.000
gr__cycles_active.avg                                                      0.000
-----------------------------------------------------------------------------------

Sample Index: 36
Timestamps -> Start: [1790062192720122480] 	End: [1790062192720154192]
-----------------------------------------------------------------------------------
sm__inst_executed_realtime.avg.pct_of_peak_sustained_elapsed                         0.000
tpc__warps_inactive_sm_idle_realtime.avg.pct_of_peak_sustained_elapsed                       100.000
sm__cycles_active.avg                                                      0.000
sm__inst_executed_realtime.avg.per_cycle_active                            0.000
gpu__time_duration.sum                                                 31712.000
gr__cycles_elapsed.max                                                 10001.000
sm__pipe_tensor_cycles_active_realtime.avg.pct_of_peak_sustained_elapsed                         0.000
gr__cycles_active.avg                                                      0.000
-----------------------------------------------------------------------------------

Sample Index: 37
Timestamps -> Start: [1790062192720154192] 	End: [1790062192720185968]
-----------------------------------------------------------------------------------
sm__inst_executed_realtime.avg.pct_of_peak_sustained_elapsed                         0.000
tpc__warps_inactive_sm_idle_realtime.avg.pct_of_peak_sustained_elapsed                       100.000
sm__cycles_active.avg                                                      0.000
sm__inst_executed_realtime.avg.per_cycle_active                            0.000
gpu__time_duration.sum                                                 31776.000
gr__cycles_elapsed.max                                                 10001.000
sm__pipe_tensor_cycles_active_realtime.avg.pct_of_peak_sustained_elapsed                         0.000
gr__cycles_active.avg                                                      0.000
-----------------------------------------------------------------------------------

Sample Index: 38
Timestamps -> Start: [1790062192720185968] 	End: [1790062192720217744]
-----------------------------------------------------------------------------------
sm__inst_executed_realtime.avg.pct_of_peak_sustained_elapsed                         0.000
tpc__warps_inactive_sm_idle_realtime.avg.pct_of_peak_sustained_elapsed                       100.000
sm__cycles_active.avg                                                      0.000
sm__inst_executed_realtime.avg.per_cycle_active                            0.000
gpu__time_duration.sum                                                 31776.000
gr__cycles_elapsed.max                                                 10001.000
sm__pipe_tensor_cycles_active_realtime.avg.pct_of_peak_sustained_elapsed                         0.000
gr__cycles_active.avg                                                      0.000
-----------------------------------------------------------------------------------

Sample Index: 39
Timestamps -> Start: [1790062192720217744] 	End: [1790062192720249488]
-----------------------------------------------------------------------------------
sm__inst_executed_realtime.avg.pct_of_peak_sustained_elapsed                         0.000
tpc__warps_inactive_sm_idle_realtime.avg.pct_of_peak_sustained_elapsed                       100.000
sm__cycles_active.avg                                                      0.000
sm__inst_executed_realtime.avg.per_cycle_active                            0.000
gpu__time_duration.sum                                                 31744.000
gr__cycles_elapsed.max                                                 10001.000
sm__pipe_tensor_cycles_active_realtime.avg.pct_of_peak_sustained_elapsed                         0.000
gr__cycles_active.avg                                                      0.000
-----------------------------------------------------------------------------------

Sample Index: 40
Timestamps -> Start: [1790062192720249488] 	End: [1790062192720281232]
-----------------------------------------------------------------------------------
sm__inst_executed_realtime.avg.pct_of_peak_sustained_elapsed                         0.000
tpc__warps_inactive_sm_idle_realtime.avg.pct_of_peak_sustained_elapsed                       100.000
sm__cycles_active.avg                                                      0.000
sm__inst_executed_realtime.avg.per_cycle_active                            0.000
gpu__time_duration.sum                                                 31744.000
gr__cycles_elapsed.max                                                 10001.000
sm__pipe_tensor_cycles_active_realtime.avg.pct_of_peak_sustained_elapsed                         0.000
gr__cycles_active.avg                                                      0.000
-----------------------------------------------------------------------------------

Sample Index: 41
Timestamps -> Start: [1790062192720281232] 	End: [1790062192720312976]
-----------------------------------------------------------------------------------
sm__inst_executed_realtime.avg.pct_of_peak_sustained_elapsed                         0.000
tpc__warps_inactive_sm_idle_realtime.avg.pct_of_peak_sustained_elapsed                       100.000
sm__cycles_active.avg                                                      0.000
sm__inst_executed_realtime.avg.per_cycle_active                            0.000
gpu__time_duration.sum                                                 31744.000
gr__cycles_elapsed.max                                                 10001.000
sm__pipe_tensor_cycles_active_realtime.avg.pct_of_peak_sustained_elapsed                         0.000
gr__cycles_active.avg                                                      0.000
-----------------------------------------------------------------------------------

Sample Index: 42
Timestamps -> Start: [1790062192720312976] 	End: [1790062192720344752]
-----------------------------------------------------------------------------------
sm__inst_executed_realtime.avg.pct_of_peak_sustained_elapsed                         0.000
tpc__warps_inactive_sm_idle_realtime.avg.pct_of_peak_sustained_elapsed                       100.000
sm__cycles_active.avg                                                      0.000
sm__inst_executed_realtime.avg.per_cycle_active                            0.000
gpu__time_duration.sum                                                 31776.000
gr__cycles_elapsed.max                                                 10001.000
sm__pipe_tensor_cycles_active_realtime.avg.pct_of_peak_sustained_elapsed                         0.000
gr__cycles_active.avg                                                      0.000
-----------------------------------------------------------------------------------

Sample Index: 43
Timestamps -> Start: [1790062192720344752] 	End: [1790062192720376463]
-----------------------------------------------------------------------------------
sm__inst_executed_realtime.avg.pct_of_peak_sustained_elapsed                         0.000
tpc__warps_inactive_sm_idle_realtime.avg.pct_of_peak_sustained_elapsed                       100.000
sm__cycles_active.avg                                                      0.000
sm__inst_executed_realtime.avg.per_cycle_active                            0.000
gpu__time_duration.sum                                                 31712.000
gr__cycles_elapsed.max                                                 10001.000
sm__pipe_tensor_cycles_active_realtime.avg.pct_of_peak_sustained_elapsed                         0.000
gr__cycles_active.avg                                                      0.000
-----------------------------------------------------------------------------------

Sample Index: 44
Timestamps -> Start: [1790062192720376463] 	End: [1790062192720408239]
-----------------------------------------------------------------------------------
sm__inst_executed_realtime.avg.pct_of_peak_sustained_elapsed                         0.000
tpc__warps_inactive_sm_idle_realtime.avg.pct_of_peak_sustained_elapsed                       100.000
sm__cycles_active.avg                                                      0.000
sm__inst_executed_realtime.avg.per_cycle_active                            0.000
gpu__time_duration.sum                                                 31776.000
gr__cycles_elapsed.max                                                 10001.000
sm__pipe_tensor_cycles_active_realtime.avg.pct_of_peak_sustained_elapsed                         0.000
gr__cycles_active.avg                                                      0.000
-----------------------------------------------------------------------------------

Sample Index: 45
Timestamps -> Start: [1790062192720408239] 	End: [1790062192720439983]
-----------------------------------------------------------------------------------
sm__inst_executed_realtime.avg.pct_of_peak_sustained_elapsed                         0.000
tpc__warps_inactive_sm_idle_realtime.avg.pct_of_peak_sustained_elapsed                       100.000
sm__cycles_active.avg                                                      0.000
sm__inst_executed_realtime.avg.per_cycle_active                            0.000
gpu__time_duration.sum                                                 31744.000
gr__cycles_elapsed.max                                                 10001.000
sm__pipe_tensor_cycles_active_realtime.avg.pct_of_peak_sustained_elapsed                         0.000
gr__cycles_active.avg                                                      0.000
-----------------------------------------------------------------------------------

Sample Index: 46
Timestamps -> Start: [1790062192720439983] 	End: [1790062192720471727]
-----------------------------------------------------------------------------------
sm__inst_executed_realtime.avg.pct_of_peak_sustained_elapsed                         0.000
tpc__warps_inactive_sm_idle_realtime.avg.pct_of_peak_sustained_elapsed                       100.000
sm__cycles_active.avg                                                      0.000
sm__inst_executed_realtime.avg.per_cycle_active                            0.000
gpu__time_duration.sum                                                 31744.000
gr__cycles_elapsed.max                                                 10001.000
sm__pipe_tensor_cycles_active_realtime.avg.pct_of_peak_sustained_elapsed                         0.000
gr__cycles_active.avg                                                      0.000
-----------------------------------------------------------------------------------

Sample Index: 47
Timestamps -> Start: [1790062192720471727] 	End: [1790062192720503503]
-----------------------------------------------------------------------------------
sm__inst_executed_realtime.avg.pct_of_peak_sustained_elapsed                         0.000
tpc__warps_inactive_sm_idle_realtime.avg.pct_of_peak_sustained_elapsed                       100.000
sm__cycles_active.avg                                                      0.000
sm__inst_executed_realtime.avg.per_cycle_active                            0.000
gpu__time_duration.sum                                                 31776.000
gr__cycles_elapsed.max                                                 10001.000
sm__pipe_tensor_cycles_active_realtime.avg.pct_of_peak_sustained_elapsed                         0.000
gr__cycles_active.avg                                                      0.000
-----------------------------------------------------------------------------------

Sample Index: 48
Timestamps -> Start: [1790062192720503503] 	End: [1790062192720535215]
-----------------------------------------------------------------------------------
sm__inst_executed_realtime.avg.pct_of_peak_sustained_elapsed                         0.000
tpc__warps_inactive_sm_idle_realtime.avg.pct_of_peak_sustained_elapsed                       100.000
sm__cycles_active.avg                                                      0.000
sm__inst_executed_realtime.avg.per_cycle_active                            0.000
gpu__time_duration.sum                                                 31712.000
gr__cycles_elapsed.max                                                 10001.000
sm__pipe_tensor_cycles_active_realtime.avg.pct_of_peak_sustained_elapsed                         0.000
gr__cycles_active.avg                                                      0.000
-----------------------------------------------------------------------------------

Sample Index: 49
Timestamps -> Start: [1790062192720535215] 	End: [1790062192720566959]
-----------------------------------------------------------------------------------
sm__inst_executed_realtime.avg.pct_of_peak_sustained_elapsed                         0.000
tpc__warps_inactive_sm_idle_realtime.avg.pct_of_peak_sustained_elapsed                       100.000
sm__cycles_active.avg                                                      0.000
sm__inst_executed_realtime.avg.per_cycle_active                            0.000
gpu__time_duration.sum                                                 31744.000
gr__cycles_elapsed.max                                                 10001.000
sm__pipe_tensor_cycles_active_realtime.avg.pct_of_peak_sustained_elapsed                         0.000
gr__cycles_active.avg                                                      0.000
-----------------------------------------------------------------------------------

PM Sampling CSV saved to: pm_sampling.csv
